[www.wakafselangor.gov.my/prosedur/index.html]
[www.wakafselangor.gov.my/wp-content/uploads/2023/09/logoPWSlogo.png]
[backblue.gif]
[fade.gif]
[index.html]
[www.wakafselangor.gov.my/wp-content/plugins/photo-gallery/booster/assets/css/global8a54.css]
[www.wakafselangor.gov.my/wp-content/plugins/bdthemes-element-pack/assets/css/bdt-uikit5829.css]
[www.wakafselangor.gov.my/wp-content/plugins/bdthemes-element-pack/assets/css/ep-helperd5a8.css]
[www.wakafselangor.gov.my/wp-includes/css/dist/block-library/style.min75e4.css]
[www.wakafselangor.gov.my/wp-content/plugins/contact-form-7/includes/css/styles41a3.css]
[www.wakafselangor.gov.my/wp-content/plugins/photo-gallery/css/bwg-fonts/fonts622c.css]
[www.wakafselangor.gov.my/wp-content/plugins/photo-gallery/css/sumoselect.min9bf7.css]
[www.wakafselangor.gov.my/wp-content/plugins/photo-gallery/css/jquery.mCustomScrollbar.minc6bd.css]
[www.wakafselangor.gov.my/wp-content/plugins/photo-gallery/css/styles.min0445.css]
[www.wakafselangor.gov.my/wp-content/plugins/qi-addons-for-elementor/assets/css/grid.min75e4.css]
[www.wakafselangor.gov.my/wp-content/plugins/qi-addons-for-elementor/assets/css/helper-parts.min75e4.css]
[www.wakafselangor.gov.my/wp-content/plugins/qi-addons-for-elementor/assets/css/main.min75e4.css]
[www.wakafselangor.gov.my/wp-includes/js/mediaelement/mediaelementplayer-legacy.min1f61.css]
[www.wakafselangor.gov.my/wp-includes/js/mediaelement/wp-mediaelement.min75e4.css]
[www.wakafselangor.gov.my/wp-content/themes/bridge/style75e4.css]
[www.wakafselangor.gov.my/wp-content/themes/bridge/css/font-awesome/css/font-awesome.min75e4.css]
[www.wakafselangor.gov.my/wp-content/themes/bridge/css/elegant-icons/style.min75e4.css]
[www.wakafselangor.gov.my/wp-content/themes/bridge/css/linea-icons/style75e4.css]
[www.wakafselangor.gov.my/wp-content/themes/bridge/css/dripicons/dripicons75e4.css]
[www.wakafselangor.gov.my/wp-content/themes/bridge/css/kiko/kiko-all75e4.css]
[www.wakafselangor.gov.my/wp-content/themes/bridge/css/font-awesome-5/css/font-awesome-5.min75e4.css]
[www.wakafselangor.gov.my/wp-content/themes/bridge/css/stylesheet.min75e4.css]
[www.wakafselangor.gov.my/wp-content/themes/bridge/css/print75e4.css]
[www.wakafselangor.gov.my/wp-content/themes/bridge/css/style_dynamic430e.css]
[www.wakafselangor.gov.my/wp-content/themes/bridge/css/responsive.min75e4.css]
[www.wakafselangor.gov.my/wp-content/themes/bridge/css/style_dynamic_responsive430e.css]
[www.wakafselangor.gov.my/wp-content/plugins/bridge-core/modules/core-dashboard/assets/css/core-dashboard.min75e4.css]
[www.wakafselangor.gov.my/wp-content/plugins/elementor/assets/css/modules/lazyload/frontend.min8864.css]
[www.wakafselangor.gov.my/wp-content/plugins/tablepress/css/build/defaultac31.css]
[www.wakafselangor.gov.my/wp-content/plugins/elementor/assets/css/frontend-lite.min8864.css]
[www.wakafselangor.gov.my/wp-content/plugins/elementor/assets/lib/swiper/v8/css/swiper.min94a4.css]
[www.wakafselangor.gov.my/wp-content/uploads/elementor/css/post-6b3d4.css]
[www.wakafselangor.gov.my/wp-content/uploads/element-pack/minified/css/ep-styles5c52.css]
[www.wakafselangor.gov.my/wp-content/plugins/wpforms/assets/pro/css/dropzone.min7404.css]
[www.wakafselangor.gov.my/wp-content/plugins/wpforms/assets/css/integrations/stripe/wpforms-stripe.minbefe.css]
[www.wakafselangor.gov.my/wp-content/plugins/wpdatatables/integrations/page_builders/elementor/css/style080f.css]
[www.wakafselangor.gov.my/wp-content/uploads/elementor/css/global0467.css]
[www.wakafselangor.gov.my/wp-content/uploads/elementor/css/post-33599521.css]
[www.wakafselangor.gov.my/wp-content/plugins/wps-visitor-counter/styles/css/default77ae.css]
[www.wakafselangor.gov.my/wp-content/plugins/youtube-embed-plus/styles/ytprefs.min2b85.css]
[www.wakafselangor.gov.my/wp-content/plugins/essential-addons-for-elementor-lite/assets/front-end/css/view/general.minf443.css]
[www.wakafselangor.gov.my/wp-includes/js/jquery/jquery.minf43b.js]
[www.wakafselangor.gov.my/wp-includes/js/jquery/jquery-migrate.min5589.js]
[www.wakafselangor.gov.my/wp-content/plugins/photo-gallery/booster/assets/js/circle-progress8d1e.js]
[www.wakafselangor.gov.my/wp-content/plugins/photo-gallery/booster/assets/js/global8a54.js]
[www.wakafselangor.gov.my/wp-content/plugins/photo-gallery/js/jquery.sumoselect.min9bf7.js]
[www.wakafselangor.gov.my/wp-content/plugins/photo-gallery/js/tocca.minffdc.js]
[www.wakafselangor.gov.my/wp-content/plugins/photo-gallery/js/jquery.mCustomScrollbar.concat.minc6bd.js]
[www.wakafselangor.gov.my/wp-content/plugins/photo-gallery/js/jquery.fullscreen.mina307.js]
[www.wakafselangor.gov.my/wp-content/plugins/photo-gallery/js/scripts.min0445.js]
[www.wakafselangor.gov.my/wp-content/plugins/wpforms/assets/js/integrations/stripe/wpforms-stripe-payment-element.minbefe.js]
[www.wakafselangor.gov.my/wp-content/plugins/wps-visitor-counter/styles/js/custom68b3.js]
[www.wakafselangor.gov.my/wp-content/plugins/youtube-embed-plus/scripts/ytprefs.min2b85.js]
[www.wakafselangor.gov.my/wp-content/uploads/2023/09/logoPWShitam200.png]
[www.wakafselangor.gov.my/wp-content/uploads/2023/09/logoPWSputih200.png]
[www.wakafselangor.gov.my/wp-content/plugins/elementor/assets/css/widget-icon-list.min.css]
[www.wakafselangor.gov.my/wp-content/plugins/bdthemes-element-pack/assets/css/ep-context-menud5a8.css]
[www.wakafselangor.gov.my/wp-content/plugins/elementor/assets/lib/animations/animations.min8864.css]
[www.wakafselangor.gov.my/wp-content/plugins/revslider/public/assets/css/rs6ec8f.css]
[www.wakafselangor.gov.my/wp-content/plugins/contact-form-7/includes/swv/js/index41a3.js]
[www.wakafselangor.gov.my/wp-content/plugins/contact-form-7/includes/js/index41a3.js]
[www.wakafselangor.gov.my/wp-content/plugins/revslider/public/assets/js/rbtools.minec8f.js]
[www.wakafselangor.gov.my/wp-content/plugins/revslider/public/assets/js/rs6.minec8f.js]
[www.wakafselangor.gov.my/wp-content/plugins/tco-email-forms/email-integration/js/site/main.js]
[www.wakafselangor.gov.my/wp-includes/images/spinner.gif]
[www.wakafselangor.gov.my/wp-content/plugins/download-monitor/assets/js/dlm-xhr.min55fe.js]
[www.wakafselangor.gov.my/wp-includes/js/jquery/ui/core.min3f14.js]
[www.wakafselangor.gov.my/wp-content/plugins/qi-addons-for-elementor/assets/js/main.min75e4.js]
[www.wakafselangor.gov.my/wp-includes/js/jquery/ui/accordion.min3f14.js]
[www.wakafselangor.gov.my/wp-includes/js/jquery/ui/tabs.min3f14.js]
[www.wakafselangor.gov.my/wp-content/themes/bridge/js/plugins/doubletaptogo75e4.js]
[www.wakafselangor.gov.my/wp-content/themes/bridge/js/plugins/modernizr.min75e4.js]
[www.wakafselangor.gov.my/wp-content/themes/bridge/js/plugins/jquery.appear75e4.js]
[www.wakafselangor.gov.my/wp-includes/js/hoverIntent.min3e5a.js]
[www.wakafselangor.gov.my/wp-content/themes/bridge/js/plugins/jquery.prettyPhoto75e4.js]
[www.wakafselangor.gov.my/wp-content/themes/bridge/js/plugins/jquery.fitvids75e4.js]
[www.wakafselangor.gov.my/wp-includes/js/mediaelement/mediaelement-and-player.min1f61.js]
[www.wakafselangor.gov.my/wp-includes/js/mediaelement/mediaelement-migrate.min75e4.js]
[www.wakafselangor.gov.my/wp-includes/js/mediaelement/wp-mediaelement.min75e4.js]
[www.wakafselangor.gov.my/wp-content/themes/bridge/js/plugins/jquery.waitforimages75e4.js]
[www.wakafselangor.gov.my/wp-includes/js/jquery/jquery.form.minb2f9.js]
[www.wakafselangor.gov.my/wp-content/themes/bridge/js/plugins/waypoints.min75e4.js]
[www.wakafselangor.gov.my/wp-content/themes/bridge/js/plugins/bootstrap.carousel75e4.js]
[www.wakafselangor.gov.my/wp-content/themes/bridge/js/plugins/skrollr75e4.js]
[www.wakafselangor.gov.my/wp-content/themes/bridge/js/plugins/jquery.easing.1.375e4.js]
[www.wakafselangor.gov.my/wp-content/themes/bridge/js/plugins/abstractBaseClass75e4.js]
[www.wakafselangor.gov.my/wp-content/themes/bridge/js/plugins/jquery.sticky-kit.min75e4.js]
[www.wakafselangor.gov.my/wp-content/themes/bridge/js/plugins/jquery.mousewheel.min75e4.js]
[www.wakafselangor.gov.my/wp-content/themes/bridge/js/plugins/jquery.touchSwipe.min75e4.js]
[www.wakafselangor.gov.my/wp-content/plugins/qi-addons-for-elementor/inc/masonry/assets/js/plugins/isotope.pkgd.min75e4.js]
[www.wakafselangor.gov.my/wp-content/plugins/qi-addons-for-elementor/inc/masonry/assets/js/plugins/packery-mode.pkgd.min75e4.js]
[www.wakafselangor.gov.my/wp-content/themes/bridge/js/plugins/imagesloaded75e4.js]
[www.wakafselangor.gov.my/wp-content/themes/bridge/js/plugins/jquery.event.move75e4.js]
[www.wakafselangor.gov.my/wp-content/themes/bridge/js/plugins/jquery.nicescroll.min75e4.js]
[www.wakafselangor.gov.my/wp-content/themes/bridge/js/plugins/TweenLite.min75e4.js]
[www.wakafselangor.gov.my/wp-content/themes/bridge/js/plugins/ScrollToPlugin.min75e4.js]
[www.wakafselangor.gov.my/wp-content/themes/bridge/js/plugins/smoothPageScroll.min75e4.js]
[www.wakafselangor.gov.my/wp-content/themes/bridge/js/default_dynamic430e.js]
[www.wakafselangor.gov.my/wp-content/themes/bridge/js/default.min75e4.js]
[www.wakafselangor.gov.my/wp-includes/js/comment-reply.min75e4.js]
[www.wakafselangor.gov.my/wp-content/themes/bridge/js/plugins/qode-like.min75e4.js]
[www.wakafselangor.gov.my/wp-content/plugins/essential-addons-for-elementor-lite/assets/front-end/js/view/general.minf443.js]
[www.wakafselangor.gov.my/wp-content/plugins/youtube-embed-plus/scripts/fitvids.min2b85.js]
[www.wakafselangor.gov.my/wp-content/plugins/bdthemes-element-pack/assets/vendor/js/goodshare.min8aee.js]
[www.wakafselangor.gov.my/wp-content/plugins/elementor/assets/js/webpack.runtime.min8864.js]
[www.wakafselangor.gov.my/wp-content/plugins/elementor/assets/js/frontend-modules.min8864.js]
[www.wakafselangor.gov.my/wp-content/plugins/elementor/assets/lib/waypoints/waypoints.min05da.js]
[www.wakafselangor.gov.my/wp-content/plugins/elementor/assets/js/frontend.min8864.js]
[www.wakafselangor.gov.my/wp-includes/js/dist/vendor/wp-polyfill-inert.min0226.js]
[www.wakafselangor.gov.my/wp-includes/js/dist/vendor/regenerator-runtime.min6c85.js]
[www.wakafselangor.gov.my/wp-includes/js/dist/vendor/wp-polyfill.min2c7c.js]
[www.wakafselangor.gov.my/wp-includes/js/dist/hooks.min2ebd.js]
[www.wakafselangor.gov.my/wp-includes/js/dist/i18n.minf92f.js]
[www.wakafselangor.gov.my/wp-content/plugins/qi-addons-for-elementor/inc/plugins/elementor/assets/js/elementor75e4.js]
[www.wakafselangor.gov.my/wp-content/plugins/bdthemes-element-pack/assets/js/bdt-uikit.min5829.js]
[www.wakafselangor.gov.my/wp-content/uploads/element-pack/minified/js/ep-scripts5c52.js]
[www.wakafselangor.gov.my/wp-includes/js/underscore.mind584.js]
[www.wakafselangor.gov.my/wp-includes/js/wp-util.min75e4.js]
[www.wakafselangor.gov.my/wp-content/plugins/wpforms/assets/js/integrations/elementor/frontend.minbefe.js]
[www.wakafselangor.gov.my/prosedur/index.html]
[www.wakafselangor.gov.my/wp-content/plugins/photo-gallery/booster/assets/css/global8a54.css]
[www.wakafselangor.gov.my/wp-content/plugins/bdthemes-element-pack/assets/css/bdt-uikit5829.css]
[www.wakafselangor.gov.my/wp-content/plugins/bdthemes-element-pack/assets/css/ep-helperd5a8.css]
[www.wakafselangor.gov.my/wp-includes/css/dist/block-library/style.min75e4.css]
[www.wakafselangor.gov.my/wp-content/plugins/contact-form-7/includes/css/styles41a3.css]
[www.wakafselangor.gov.my/wp-content/plugins/photo-gallery/css/bwg-fonts/fonts/bwg8f95.eot]
[www.wakafselangor.gov.my/wp-content/plugins/photo-gallery/css/bwg-fonts/fonts/bwg8f95.ttf]
[www.wakafselangor.gov.my/wp-content/plugins/photo-gallery/css/bwg-fonts/fonts/bwg8f95.woff]
[www.wakafselangor.gov.my/wp-content/plugins/photo-gallery/css/bwg-fonts/fonts622c.css]
[www.wakafselangor.gov.my/wp-content/plugins/photo-gallery/css/bwg-fonts/fonts/bwg8f95.svg]
[www.wakafselangor.gov.my/wp-content/plugins/photo-gallery/css/sumoselect.min9bf7.css]
[www.wakafselangor.gov.my/wp-content/plugins/photo-gallery/css/jquery.mCustomScrollbar.minc6bd.css]
[www.wakafselangor.gov.my/wp-content/plugins/photo-gallery/images/ajax_loader.png]
[www.wakafselangor.gov.my/wp-content/plugins/photo-gallery/images/blank.gif]
[www.wakafselangor.gov.my/wp-content/plugins/photo-gallery/images/captcha_refresh.png]
[www.wakafselangor.gov.my/wp-content/plugins/photo-gallery/css/styles.min0445.css]
[www.wakafselangor.gov.my/wp-content/plugins/qi-addons-for-elementor/assets/css/grid.min75e4.css]
[www.wakafselangor.gov.my/wp-content/plugins/qi-addons-for-elementor/assets/css/helper-parts.min75e4.css]
[www.wakafselangor.gov.my/wp-content/plugins/qi-addons-for-elementor/assets/css/main.min75e4.css]
[www.wakafselangor.gov.my/wp-includes/js/mediaelement/mediaelementplayer-legacy.min1f61.css]
[www.wakafselangor.gov.my/wp-includes/js/mediaelement/wp-mediaelement.min75e4.css]
[www.wakafselangor.gov.my/wp-content/themes/bridge/style75e4.css]
[www.wakafselangor.gov.my/wp-content/themes/bridge/css/font-awesome/css/font-awesome.min75e4.css]
[www.wakafselangor.gov.my/wp-includes/js/mediaelement/mejs-controls.svg]
[www.wakafselangor.gov.my/wp-content/themes/bridge/css/elegant-icons/fonts/ElegantIcons.eot]
[www.wakafselangor.gov.my/wp-content/themes/bridge/css/elegant-icons/fonts/ElegantIconsd41d.eot]
[www.wakafselangor.gov.my/wp-content/themes/bridge/css/elegant-icons/fonts/ElegantIcons.woff]
[www.wakafselangor.gov.my/wp-content/themes/bridge/css/elegant-icons/fonts/ElegantIcons.ttf]
[www.wakafselangor.gov.my/wp-content/themes/bridge/css/elegant-icons/style.min75e4.css]
[www.wakafselangor.gov.my/wp-content/themes/bridge/css/elegant-icons/fonts/ElegantIcons.svg]
[www.wakafselangor.gov.my/wp-content/themes/bridge/css/linea-icons/arrows/fonts/linea-arrows-10.eot]
[www.wakafselangor.gov.my/wp-content/themes/bridge/css/linea-icons/arrows/fonts/linea-arrows-10d41d.eot]
[www.wakafselangor.gov.my/wp-content/themes/bridge/css/linea-icons/arrows/fonts/linea-arrows-10.woff]
[www.wakafselangor.gov.my/wp-content/themes/bridge/css/linea-icons/arrows/fonts/linea-arrows-10.ttf]
[www.wakafselangor.gov.my/wp-content/themes/bridge/css/linea-icons/arrows/fonts/linea-arrows-10.svg]
[www.wakafselangor.gov.my/wp-content/themes/bridge/css/linea-icons/basic/fonts/linea-basic-10.eot]
[www.wakafselangor.gov.my/wp-content/themes/bridge/css/linea-icons/basic/fonts/linea-basic-10d41d.eot]
[www.wakafselangor.gov.my/wp-content/themes/bridge/css/linea-icons/basic/fonts/linea-basic-10.woff]
[www.wakafselangor.gov.my/wp-content/themes/bridge/css/linea-icons/basic/fonts/linea-basic-10.ttf]
[www.wakafselangor.gov.my/wp-content/themes/bridge/css/linea-icons/basic/fonts/linea-basic-10.svg]
[www.wakafselangor.gov.my/wp-content/themes/bridge/css/linea-icons/basic-elaboration/fonts/linea-basic-elaboration-10.eot]
[www.wakafselangor.gov.my/wp-content/themes/bridge/css/linea-icons/basic-elaboration/fonts/linea-basic-elaboration-10d41d.eot]
[www.wakafselangor.gov.my/wp-content/themes/bridge/css/linea-icons/basic-elaboration/fonts/linea-basic-elaboration-10.woff]
[www.wakafselangor.gov.my/wp-content/themes/bridge/css/linea-icons/basic-elaboration/fonts/linea-basic-elaboration-10.ttf]
[www.wakafselangor.gov.my/wp-content/themes/bridge/css/linea-icons/basic-elaboration/fonts/linea-basic-elaboration-10.svg]
[www.wakafselangor.gov.my/wp-content/themes/bridge/css/linea-icons/ecommerce/fonts/linea-ecommerce-10.eot]
[www.wakafselangor.gov.my/wp-content/themes/bridge/css/linea-icons/ecommerce/fonts/linea-ecommerce-10d41d.eot]
[www.wakafselangor.gov.my/wp-content/themes/bridge/css/linea-icons/ecommerce/fonts/linea-ecommerce-10.woff]
[www.wakafselangor.gov.my/wp-content/themes/bridge/css/linea-icons/ecommerce/fonts/linea-ecommerce-10.ttf]
[www.wakafselangor.gov.my/wp-content/themes/bridge/css/linea-icons/ecommerce/fonts/linea-ecommerce-10.svg]
[www.wakafselangor.gov.my/wp-content/themes/bridge/css/linea-icons/music/fonts/linea-music-10.eot]
[www.wakafselangor.gov.my/wp-content/themes/bridge/css/linea-icons/music/fonts/linea-music-10d41d.eot]
[www.wakafselangor.gov.my/wp-content/themes/bridge/css/linea-icons/music/fonts/linea-music-10.woff]
[www.wakafselangor.gov.my/wp-content/themes/bridge/css/linea-icons/music/fonts/linea-music-10.ttf]
[www.wakafselangor.gov.my/wp-content/themes/bridge/css/linea-icons/music/fonts/linea-music-10.svg]
[www.wakafselangor.gov.my/wp-content/themes/bridge/css/linea-icons/software/fonts/linea-software-10.eot]
[www.wakafselangor.gov.my/wp-content/themes/bridge/css/linea-icons/software/fonts/linea-software-10d41d.eot]
[www.wakafselangor.gov.my/wp-content/themes/bridge/css/linea-icons/software/fonts/linea-software-10.woff]
[www.wakafselangor.gov.my/wp-content/themes/bridge/css/linea-icons/software/fonts/linea-software-10.ttf]
[www.wakafselangor.gov.my/wp-content/themes/bridge/css/linea-icons/software/fonts/linea-software-10.svg]
[www.wakafselangor.gov.my/wp-content/themes/bridge/css/linea-icons/weather/fonts/linea-weather-10.woff]
[www.wakafselangor.gov.my/wp-content/themes/bridge/css/linea-icons/weather/fonts/linea-weather-10.eot]
[www.wakafselangor.gov.my/wp-content/themes/bridge/css/linea-icons/weather/fonts/linea-weather-10d41d.eot]
[www.wakafselangor.gov.my/wp-content/themes/bridge/css/linea-icons/weather/fonts/linea-weather-10.ttf]
[www.wakafselangor.gov.my/wp-content/themes/bridge/css/linea-icons/weather/fonts/linea-weather-10.svg]
[www.wakafselangor.gov.my/wp-content/themes/bridge/css/linea-icons/style75e4.css]
[www.wakafselangor.gov.my/wp-content/themes/bridge/css/dripicons/fonts/dripicons-v2.eot]
[www.wakafselangor.gov.my/wp-content/themes/bridge/css/dripicons/fonts/dripicons-v2d41d.eot]
[www.wakafselangor.gov.my/wp-content/themes/bridge/css/dripicons/fonts/dripicons-v2.woff]
[www.wakafselangor.gov.my/wp-content/themes/bridge/css/dripicons/fonts/dripicons-v2.ttf]
[www.wakafselangor.gov.my/wp-content/themes/bridge/css/dripicons/dripicons75e4.css]
[www.wakafselangor.gov.my/wp-content/themes/bridge/css/dripicons/fonts/dripicons-v2.svg]
[www.wakafselangor.gov.my/wp-content/themes/bridge/css/kiko/webfonts/fontkikolight.eot]
[www.wakafselangor.gov.my/wp-content/themes/bridge/css/kiko/webfonts/fontkikolight.woff]
[www.wakafselangor.gov.my/wp-content/themes/bridge/css/kiko/webfonts/fontkikolight.woff2]
[www.wakafselangor.gov.my/wp-content/themes/bridge/css/kiko/webfonts/fontkikolight.otf]
[www.wakafselangor.gov.my/wp-content/themes/bridge/css/kiko/webfonts/fontkikolight.svg]
[www.wakafselangor.gov.my/wp-content/themes/bridge/css/kiko/webfonts/fontkikoreg.eot]
[www.wakafselangor.gov.my/wp-content/themes/bridge/css/kiko/webfonts/fontkikoreg.woff]
[www.wakafselangor.gov.my/wp-content/themes/bridge/css/kiko/webfonts/fontkikoreg.woff2]
[www.wakafselangor.gov.my/wp-content/themes/bridge/css/kiko/webfonts/fontkikoreg.otf]
[www.wakafselangor.gov.my/wp-content/themes/bridge/css/kiko/webfonts/fontkikoreg.svg]
[www.wakafselangor.gov.my/wp-content/themes/bridge/css/kiko/webfonts/fontkikosolid.eot]
[www.wakafselangor.gov.my/wp-content/themes/bridge/css/kiko/webfonts/fontkikosolid.woff]
[www.wakafselangor.gov.my/wp-content/themes/bridge/css/kiko/webfonts/fontkikosolid.woff2]
[www.wakafselangor.gov.my/wp-content/themes/bridge/css/kiko/webfonts/fontkikosolid.otf]
[www.wakafselangor.gov.my/wp-content/themes/bridge/css/kiko/kiko-all75e4.css]
[www.wakafselangor.gov.my/wp-content/themes/bridge/css/font-awesome-5/css/font-awesome-5.min75e4.css]
[www.wakafselangor.gov.my/wp-content/themes/bridge/css/kiko/webfonts/fontkikosolid.svg]
[www.wakafselangor.gov.my/wp-content/themes/bridge/css/img/pixel-video.png]
[www.wakafselangor.gov.my/wp-content/themes/bridge/css/img/box_image_shadow.png]
[www.wakafselangor.gov.my/wp-content/themes/bridge/css/img/portfolio_list_button.png]
[www.wakafselangor.gov.my/wp-content/themes/bridge/css/img/portfolio_list_button_hover.png]
[www.wakafselangor.gov.my/wp-content/themes/bridge/css/img/portfolio_list_button@1_5x.png]
[www.wakafselangor.gov.my/wp-content/themes/bridge/css/img/portfolio_list_button_hover@1_5x.png]
[www.wakafselangor.gov.my/wp-content/themes/bridge/css/img/portfolio_list_button@2x.png]
[www.wakafselangor.gov.my/wp-content/themes/bridge/css/img/portfolio_list_button_hover@2x.png]
[www.wakafselangor.gov.my/wp-content/themes/bridge/css/img/button-bg-px.png]
[www.wakafselangor.gov.my/wp-content/themes/bridge/css/img/cursor_plus.cur]
[www.wakafselangor.gov.my/wp-content/themes/bridge/css/img/cursor_plus.png]
[www.wakafselangor.gov.my/wp-content/themes/bridge/css/img/desaturate.svg]
[www.wakafselangor.gov.my/wp-content/themes/bridge/css/img/plus.png]
[www.wakafselangor.gov.my/wp-content/themes/bridge/css/img/minus.png]
[www.wakafselangor.gov.my/wp-content/themes/bridge/css/img/plus@1_5x.png]
[www.wakafselangor.gov.my/wp-content/themes/bridge/css/img/minus@1_5x.png]
[www.wakafselangor.gov.my/wp-content/themes/bridge/css/img/plus@2x.png]
[www.wakafselangor.gov.my/wp-content/themes/bridge/css/img/minus@2x.png]
[www.wakafselangor.gov.my/wp-content/themes/bridge/css/img/close_side_menu.png]
[www.wakafselangor.gov.my/wp-content/themes/bridge/css/img/close_side_menu@2x.png]
[www.wakafselangor.gov.my/wp-content/themes/bridge/css/img/close_side_menu_dark.png]
[www.wakafselangor.gov.my/wp-content/themes/bridge/css/img/close_side_menu_dark@2x.png]
[www.wakafselangor.gov.my/wp-content/themes/bridge/css/img/prettyPhoto/sprite.png]
[www.wakafselangor.gov.my/wp-content/themes/bridge/css/img/prettyPhoto/sprite_x.png]
[www.wakafselangor.gov.my/wp-content/themes/bridge/css/img/prettyPhoto/sprite_y.png]
[www.wakafselangor.gov.my/wp-content/themes/bridge/css/img/prettyPhoto/sprite_next.png]
[www.wakafselangor.gov.my/wp-content/themes/bridge/css/img/prettyPhoto/sprite_prev.png]
[www.wakafselangor.gov.my/wp-content/themes/bridge/css/img/prettyPhoto/default_thumb.png]
[www.wakafselangor.gov.my/wp-content/themes/bridge/css/img/prettyPhoto/loader.gif]
[www.wakafselangor.gov.my/wp-content/themes/bridge/images/prettyPhoto/facebook/default_thumbnail.gif]
[www.wakafselangor.gov.my/wp-content/themes/bridge/css/img/audio/controls.png]
[www.wakafselangor.gov.my/wp-content/themes/bridge/css/img/audio/play.png]
[www.wakafselangor.gov.my/wp-content/themes/bridge/css/img/audio/pause.png]
[www.wakafselangor.gov.my/wp-content/themes/bridge/css/img/audio/stop.png]
[www.wakafselangor.gov.my/wp-content/themes/bridge/css/img/audio/sound.png]
[www.wakafselangor.gov.my/wp-content/themes/bridge/css/img/audio/mute.png]
[www.wakafselangor.gov.my/wp-content/themes/bridge/css/img/wc_select_arrow.png]
[www.wakafselangor.gov.my/wp-content/themes/bridge/css/img/wc_select_arrow_footer.png]
[www.wakafselangor.gov.my/wp-content/themes/bridge/css/img/frame_arrow_right.png]
[www.wakafselangor.gov.my/wp-content/themes/bridge/css/img/frame_arrow_right_hover.png]
[www.wakafselangor.gov.my/wp-content/themes/bridge/css/img/frame_arrow_left.png]
[www.wakafselangor.gov.my/wp-content/themes/bridge/css/img/frame_arrow_left_hover.png]
[www.wakafselangor.gov.my/wp-content/themes/bridge/css/img/frame_arrow_left@1_5x.png]
[www.wakafselangor.gov.my/wp-content/themes/bridge/css/img/frame_arrow_left_hover@1_5x.png]
[www.wakafselangor.gov.my/wp-content/themes/bridge/css/img/frame_arrow_right@1_5x.png]
[www.wakafselangor.gov.my/wp-content/themes/bridge/css/img/frame_arrow_right_hover@1_5x.png]
[www.wakafselangor.gov.my/wp-content/themes/bridge/css/img/frame_arrow_left@2x.png]
[www.wakafselangor.gov.my/wp-content/themes/bridge/css/img/frame_arrow_left_hover@2x.png]
[www.wakafselangor.gov.my/wp-content/themes/bridge/css/img/frame_arrow_right@2x.png]
[www.wakafselangor.gov.my/wp-content/themes/bridge/css/img/frame_arrow_right_hover@2x.png]
[www.wakafselangor.gov.my/wp-content/themes/bridge/css/img/content_menu_arrow.png]
[www.wakafselangor.gov.my/wp-content/themes/bridge/css/img/vertical_menu_cross.png]
[www.wakafselangor.gov.my/wp-content/themes/bridge/css/img/vertical_menu_minus.png]
[www.wakafselangor.gov.my/wp-content/themes/bridge/css/img/vertical_menu_cross_white.png]
[www.wakafselangor.gov.my/wp-content/themes/bridge/css/img/vertical_menu_minus_white.png]
[www.wakafselangor.gov.my/wp-content/themes/bridge/css/img/vertical_menu_cross_black.png]
[www.wakafselangor.gov.my/wp-content/themes/bridge/css/img/vertical_menu_minus_black.png]
[www.wakafselangor.gov.my/wp-content/themes/bridge/css/img/vertical_menu_cross@1_5x.png]
[www.wakafselangor.gov.my/wp-content/themes/bridge/css/img/vertical_menu_minus@1_5x.png]
[www.wakafselangor.gov.my/wp-content/themes/bridge/css/img/vertical_menu_cross_white@1_5x.png]
[www.wakafselangor.gov.my/wp-content/themes/bridge/css/img/vertical_menu_minus_white@1_5x.png]
[www.wakafselangor.gov.my/wp-content/themes/bridge/css/img/vertical_menu_cross_black@1_5x.png]
[www.wakafselangor.gov.my/wp-content/themes/bridge/css/img/vertical_menu_minus_black@1_5x.png]
[www.wakafselangor.gov.my/wp-content/themes/bridge/css/img/vertical_menu_cross@2x.png]
[www.wakafselangor.gov.my/wp-content/themes/bridge/css/img/vertical_menu_minus@2x.png]
[www.wakafselangor.gov.my/wp-content/themes/bridge/css/img/vertical_menu_cross_white@2x.png]
[www.wakafselangor.gov.my/wp-content/themes/bridge/css/img/vertical_menu_minus_white@2x.png]
[www.wakafselangor.gov.my/wp-content/themes/bridge/css/img/vertical_menu_cross_black@2x.png]
[www.wakafselangor.gov.my/wp-content/themes/bridge/css/img/vertical_menu_minus_black@2x.png]
[www.wakafselangor.gov.my/wp-content/themes/bridge/css/img/mds-phone-top.png]
[www.wakafselangor.gov.my/wp-content/themes/bridge/css/stylesheet.min75e4.css]
[www.wakafselangor.gov.my/wp-content/themes/bridge/css/print75e4.css]
[www.wakafselangor.gov.my/wp-content/themes/bridge/css/style_dynamic430e.css]
[www.wakafselangor.gov.my/wp-content/themes/bridge/css/responsive.min75e4.css]
[www.wakafselangor.gov.my/wp-content/themes/bridge/css/style_dynamic_responsive430e.css]
[www.wakafselangor.gov.my/wp-content/plugins/bridge-core/modules/core-dashboard/assets/css/core-dashboard.min75e4.css]
[www.wakafselangor.gov.my/wp-content/plugins/elementor/assets/css/modules/lazyload/frontend.min8864.css]
[www.wakafselangor.gov.my/wp-content/plugins/tablepress/css/build/tablepress.woff]
[www.wakafselangor.gov.my/wp-content/plugins/tablepress/css/build/defaultac31.css]
[www.wakafselangor.gov.my/wp-content/plugins/elementor/assets/css/frontend-lite.min8864.css]
[www.wakafselangor.gov.my/wp-content/plugins/elementor/assets/lib/swiper/v8/css/swiper.min94a4.css]
[www.wakafselangor.gov.my/wp-content/uploads/elementor/css/post-6b3d4.css]
[www.wakafselangor.gov.my/wp-content/uploads/element-pack/minified/css/ep-styles5c52.css]
[www.wakafselangor.gov.my/wp-content/plugins/wpforms/assets/pro/css/dropzone.min7404.css]
[www.wakafselangor.gov.my/wp-content/plugins/wpforms/assets/images/integrations/stripe/cc-preview.png]
[www.wakafselangor.gov.my/wp-content/plugins/wpforms/assets/css/integrations/stripe/wpforms-stripe.minbefe.css]
[www.wakafselangor.gov.my/wp-content/plugins/wpdatatables/assets/img/logo-large.png]
[www.wakafselangor.gov.my/wp-content/plugins/wpdatatables/assets/img/chart-icon.png]
[www.wakafselangor.gov.my/wp-content/plugins/wpdatatables/integrations/page_builders/elementor/css/style080f.css]
[www.wakafselangor.gov.my/wp-content/uploads/elementor/css/global0467.css]
[www.wakafselangor.gov.my/wp-content/uploads/elementor/css/post-33599521.css]
[www.wakafselangor.gov.my/wp-content/plugins/wps-visitor-counter/styles/css/default77ae.css]
[www.wakafselangor.gov.my/wp-content/plugins/youtube-embed-plus/styles/ytprefs.min2b85.css]
[www.wakafselangor.gov.my/wp-content/plugins/essential-addons-for-elementor-lite/assets/front-end/css/view/general.minf443.css]
[www.wakafselangor.gov.my/wp-content/plugins/elementor/assets/css/widget-icon-list.min.css]
[www.wakafselangor.gov.my/wp-content/plugins/bdthemes-element-pack/assets/css/ep-context-menud5a8.css]
[www.wakafselangor.gov.my/wp-content/plugins/elementor/assets/lib/animations/animations.min8864.css]
[www.wakafselangor.gov.my/wp-content/plugins/revslider/public/assets/css/openhand.cur]
[www.wakafselangor.gov.my/wp-content/plugins/revslider/public/assets/css/closedhand.cur]
[www.wakafselangor.gov.my/wp-content/plugins/revslider/public/assets/assets/gridtile.png]
[www.wakafselangor.gov.my/wp-content/plugins/revslider/public/assets/assets/gridtile_white.png]
[www.wakafselangor.gov.my/wp-content/plugins/revslider/public/assets/assets/gridtile_3x3.png]
[www.wakafselangor.gov.my/wp-content/plugins/revslider/public/assets/assets/gridtile_3x3_white.png]
[www.wakafselangor.gov.my/wp-content/plugins/revslider/public/assets/assets/coloredbg.png]
[www.wakafselangor.gov.my/wp-content/plugins/revslider/public/assets/assets/loader.gif]
[www.wakafselangor.gov.my/wp-content/plugins/revslider/public/assets/css/rs6ec8f.css]
[www.wakafselangor.gov.my/wp-content/plugins/photo-gallery/css/bwg-fonts/fonts/bwg8f95.svg]
[www.wakafselangor.gov.my/wp-includes/js/mediaelement/mejs-controls.svg]
[www.wakafselangor.gov.my/wp-content/themes/bridge/css/elegant-icons/fonts/ElegantIcons.svg]
[www.wakafselangor.gov.my/wp-content/themes/bridge/css/linea-icons/arrows/fonts/linea-arrows-10.svg]
[www.wakafselangor.gov.my/wp-content/themes/bridge/css/linea-icons/basic/fonts/linea-basic-10.svg]
[www.wakafselangor.gov.my/wp-content/themes/bridge/css/linea-icons/basic-elaboration/fonts/linea-basic-elaboration-10.svg]
[www.wakafselangor.gov.my/wp-content/themes/bridge/css/linea-icons/ecommerce/fonts/linea-ecommerce-10.svg]
[www.wakafselangor.gov.my/wp-content/themes/bridge/css/linea-icons/music/fonts/linea-music-10.svg]
[www.wakafselangor.gov.my/wp-content/themes/bridge/css/linea-icons/software/fonts/linea-software-10.svg]
[www.wakafselangor.gov.my/wp-content/themes/bridge/css/linea-icons/weather/fonts/linea-weather-10.svg]
[www.wakafselangor.gov.my/wp-content/themes/bridge/css/dripicons/fonts/dripicons-v2.svg]
[www.wakafselangor.gov.my/wp-content/themes/bridge/css/kiko/webfonts/fontkikolight.svg]
[www.wakafselangor.gov.my/wp-content/themes/bridge/css/kiko/webfonts/fontkikoreg.svg]
[www.wakafselangor.gov.my/wp-content/themes/bridge/css/kiko/webfonts/fontkikosolid.svg]
[www.wakafselangor.gov.my/wp-content/themes/bridge/css/img/box_image_shadow.html]
[www.wakafselangor.gov.my/wp-content/themes/bridge/css/img/desaturate.svg]
[www.wakafselangor.gov.my/wp-content/themes/bridge/images/prettyPhoto/facebook/default_thumbnail.html]
